PASS  real_window_visible  [1366x768]
PASS  counter_sale_page_open  [CounterSalePage]
PASS  filter_bar_removed  [no From/To/Customer/Filter row]
PASS  history_below_header  [Region A history above Region B entry]
PASS  item_popup_opens_on_click
PASS  popup_inside_window  [popup PySide6.QtCore.QRect(181, 350, 546, 284) window PySide6.QtCore.QRect(7, 30, 1366, 768)]
PASS  popup_below_field  [popup top 350]
PASS  popup_scrollable
PASS  popup_light_theme  [white bg / dark text / light-blue selection]
PASS  empty_field_lists_products  [938 products listed]
PASS  typing_filters_immediately  [9 of 938 in 104 ms]
PASS  partial_case_insensitive_match  [shown 9 / expected 9]
PASS  search_is_fast  [104 ms]
PASS  no_match_message  ['No products found']
PASS  no_match_does_not_select
PASS  popup_visible_after_typing
PASS  arrow_down_moves_selection  [0 -> 1]
PASS  arrow_up_moves_selection  [1 -> 0]
PASS  escape_closes_popup
PASS  enter_selects_item  [item_id=10501]
PASS  item_id_is_database_identity  [10501]
FAIL  focus_moves_to_batch  [_KeyboardCombo]
PASS  batches_loaded_from_db  [3 batches]
PASS  batch_popup_visible
PASS  batch_shows_no_expiry_mrp_stock  [12SBB055A | Exp: 2014-04-30 | MRP: 151.00 | Avail: 21]
PASS  batch_popup_light_theme  [qabstractitemview { background-color: #ffffff; color: #14212e; border: 1px solid]
PASS  batch_arrow_navigation  [1 -> 2]
PASS  enter_selects_batch  [batch_id=6692]
PASS  focus_moves_to_qty  [QLineEdit]
PASS  autofill_pack  [10]
PASS  autofill_expiry  [2014-04-30]
PASS  autofill_mrp  [151.00]
PASS  autofill_stock  [21]
PASS  autofill_available_matches_db  [screen 21 db 21.0]
FAIL  selected_batch_is_sellable  [2014-04-30]
PASS  qty_entered  [1]
PASS  tab_qty_to_discount  [QLineEdit]
FAIL  enter_adds_row  [rows=0 dialogs=['Expired Batch: Batch 12SBB055A (Exp: 2014-04-30) is expired. Cannot sell expired stock.']]
FAIL  focus_returns_to_item  [QLineEdit]
FAIL  totals_updated  [0.00]
FAIL  live_draft_stock_after_add  [db 21.0 -> screen 21.0]
FAIL  same_batch_merges_to_one_row  [rows=0]
FAIL  live_draft_stock_after_merge  [db 21.0 -> screen 21.0]
PASS  db_stock_unchanged_before_save  [db 21.0 vs 21.0]
FAIL  delete_button_present
PASS  row_deleted  [rows=0]
PASS  live_draft_stock_restored  [db 21.0 -> screen 21.0]
PASS  db_stock_unchanged_after_delete  [db 21.0 vs 21.0]
PASS  no_sale_written
PASS  production_db_unchanged  [{}]
FAIL  no_unexpected_dialogs  [Expired Batch: Batch 12SBB055A (Exp: 2014-04-30) is expired. Cannot sell expired stock.; Expired Batch: Batch 12SBB055A (Exp: 2014-04-30) is expired. Cannot sell expired stock.]

======================================================================
DESKTOP ACCEPTANCE: 41/51 checks passed
FAILED: focus_moves_to_batch, selected_batch_is_sellable, enter_adds_row, focus_returns_to_item, totals_updated, live_draft_stock_after_add, same_batch_merges_to_one_row, live_draft_stock_after_merge, delete_button_present, no_unexpected_dialogs
======================================================================
