  [item field clicked] focusWidget=_KeyboardCombo hasFocus=True focusObject=_KeyboardCombo hasFocus=True itemPopup=True batchPopup=False
      item_line='' item_idx=0 item_data=None popup_idx=-1 popup_rows=938
  [typed BIO] focusWidget=_KeyboardCombo hasFocus=True focusObject=_KeyboardCombo hasFocus=True itemPopup=True batchPopup=False
      item_line='BIO' item_idx=0 item_data=None popup_idx=-1 popup_rows=9
  [ArrowDown] focusWidget=_KeyboardCombo hasFocus=True focusObject=_KeyboardCombo hasFocus=True itemPopup=True batchPopup=False
      item_line='BIO' item_idx=0 item_data=None popup_idx=-1 popup_rows=9
  after item Enter:
  [item selected] focusWidget=_KeyboardCombo hasFocus=True focusObject=_KeyboardCombo hasFocus=True itemPopup=True batchPopup=False
      item_line='BIO' item_idx=0 item_data=None popup_idx=-1 popup_rows=9
  batch popup visible=False batch_combo.currentData=None batch_line.hasFocus=False
  [batch ArrowDown] focusWidget=_KeyboardCombo hasFocus=True focusObject=_KeyboardCombo hasFocus=True itemPopup=True batchPopup=False
      item_line='BIO' item_idx=0 item_data=None popup_idx=-1 popup_rows=9
  batch index=-1 text=''
  after batch Enter:
  [batch selected] focusWidget=_KeyboardCombo hasFocus=True focusObject=_KeyboardCombo hasFocus=True itemPopup=True batchPopup=False
      item_line='BIO' item_idx=0 item_data=None popup_idx=-1 popup_rows=9
  qty.hasFocus=False batch='' mrp= avail=
  [Tab] focusWidget=QLineEdit hasFocus=True focusObject=QLineEdit hasFocus=True itemPopup=True batchPopup=False
      item_line='BIO' item_idx=0 item_data=None popup_idx=-1 popup_rows=9
  qty text='1'
  [Tab 2] focusWidget=QLineEdit hasFocus=True focusObject=QLineEdit hasFocus=True itemPopup=True batchPopup=False
      item_line='BIO' item_idx=0 item_data=None popup_idx=-1 popup_rows=9
