test_01_csv_basic (test_import_service.ImportServiceTests.test_01_csv_basic) ... ok
test_02_csv_utf8 (test_import_service.ImportServiceTests.test_02_csv_utf8) ... ok
test_03_csv_bom (test_import_service.ImportServiceTests.test_03_csv_bom) ... ok
test_04_csv_quoted_fields (test_import_service.ImportServiceTests.test_04_csv_quoted_fields) ... ok
test_05_csv_empty_rows (test_import_service.ImportServiceTests.test_05_csv_empty_rows) ... ok
test_06_csv_malformed_row (test_import_service.ImportServiceTests.test_06_csv_malformed_row) ... ok
test_07_csv_missing_file (test_import_service.ImportServiceTests.test_07_csv_missing_file) ... ok
test_08_csv_unsupported_encoding (test_import_service.ImportServiceTests.test_08_csv_unsupported_encoding) ... ok
test_09_xlsx_reading (test_import_service.ImportServiceTests.test_09_xlsx_reading) ... ok
test_10_xlsx_multiple_sheets (test_import_service.ImportServiceTests.test_10_xlsx_multiple_sheets) ... ok
test_11_xlsx_selected_sheet (test_import_service.ImportServiceTests.test_11_xlsx_selected_sheet) ... ok
test_12_xlsx_missing_sheet (test_import_service.ImportServiceTests.test_12_xlsx_missing_sheet) ... ok
test_13_xlsx_malformed_workbook (test_import_service.ImportServiceTests.test_13_xlsx_malformed_workbook) ... ok
test_14_xls_limitation (test_import_service.ImportServiceTests.test_14_xls_limitation) ... ok
test_15_inspect_csv (test_import_service.ImportServiceTests.test_15_inspect_csv) ... ok
test_16_detect_case_insensitive (test_import_service.ImportServiceTests.test_16_detect_case_insensitive) ... ok
test_17_detect_alias (test_import_service.ImportServiceTests.test_17_detect_alias) ... ok
test_18_manual_mapping (test_import_service.ImportServiceTests.test_18_manual_mapping) ... ok
test_19_unmapped_columns (test_import_service.ImportServiceTests.test_19_unmapped_columns) ... ok
test_20_preview_counts (test_import_service.ImportServiceTests.test_20_preview_counts) ... ok
test_21_preview_read_only (test_import_service.ImportServiceTests.test_21_preview_read_only) ... ok
test_22_required_field (test_import_service.ImportServiceTests.test_22_required_field) ... ok
test_23_numeric_validation (test_import_service.ImportServiceTests.test_23_numeric_validation) ... ok
test_24_integer_validation (test_import_service.ImportServiceTests.test_24_integer_validation) ... ok
test_25_boolean_validation (test_import_service.ImportServiceTests.test_25_boolean_validation) ... ok
test_26_blank_rows (test_import_service.ImportServiceTests.test_26_blank_rows) ... ok
test_27_duplicate_file_rows (test_import_service.ImportServiceTests.test_27_duplicate_file_rows) ... ok
test_28_missing_company_reference (test_import_service.ImportServiceTests.test_28_missing_company_reference) ... ok
test_29_missing_unit_reference (test_import_service.ImportServiceTests.test_29_missing_unit_reference) ... ok
test_30_missing_drug_reference (test_import_service.ImportServiceTests.test_30_missing_drug_reference) ... ok
test_31_company_import (test_import_service.ImportServiceTests.test_31_company_import) ... ok
test_32_unit_import (test_import_service.ImportServiceTests.test_32_unit_import) ... ok
test_33_drug_import (test_import_service.ImportServiceTests.test_33_drug_import) ... ok
test_34_supplier_import (test_import_service.ImportServiceTests.test_34_supplier_import) ... ok
test_35_customer_import (test_import_service.ImportServiceTests.test_35_customer_import) ... ok
test_36_doctor_import (test_import_service.ImportServiceTests.test_36_doctor_import) ... ok
test_37_item_import (test_import_service.ImportServiceTests.test_37_item_import) ... ok
test_38_supplier_ledger_created (test_import_service.ImportServiceTests.test_38_supplier_ledger_created) ... ok
test_39_customer_ledger_created (test_import_service.ImportServiceTests.test_39_customer_ledger_created) ... ok
test_40_item_ingredient_import (test_import_service.ImportServiceTests.test_40_item_ingredient_import) ... ok
test_41_duplicate_skip (test_import_service.ImportServiceTests.test_41_duplicate_skip) ... ok
test_42_duplicate_update (test_import_service.ImportServiceTests.test_42_duplicate_update) ... ok
test_43_duplicate_cancel (test_import_service.ImportServiceTests.test_43_duplicate_cancel) ... ok
test_44_confirmation_required (test_import_service.ImportServiceTests.test_44_confirmation_required) ... ok
test_45_validation_blocks_import (test_import_service.ImportServiceTests.test_45_validation_blocks_import) ... ok
test_46_atomic_rollback (test_import_service.ImportServiceTests.test_46_atomic_rollback) ... ok
test_47_import_commit (test_import_service.ImportServiceTests.test_47_import_commit) ... ok
test_48_persistence_after_reopen (test_import_service.ImportServiceTests.test_48_persistence_after_reopen) ... ok
test_49_template_csv (test_import_service.ImportServiceTests.test_49_template_csv) ... ok
test_50_template_xlsx (test_import_service.ImportServiceTests.test_50_template_xlsx) ... ok
test_51_template_no_write (test_import_service.ImportServiceTests.test_51_template_no_write) ... ok
test_52_template_all_masters (test_import_service.ImportServiceTests.test_52_template_all_masters) ... ok
test_53_audit_history (test_import_service.ImportServiceTests.test_53_audit_history) ... ok
test_54_report (test_import_service.ImportServiceTests.test_54_report) ... ok
test_55_normalize_value (test_import_service.ImportServiceTests.test_55_normalize_value) ... ok
test_56_invalid_master (test_import_service.ImportServiceTests.test_56_invalid_master) ... ok
test_57_invalid_extension (test_import_service.ImportServiceTests.test_57_invalid_extension) ... ok
test_58_case_insensitive_reference (test_import_service.ImportServiceTests.test_58_case_insensitive_reference) ... ok
test_59_numeric_values_persist (test_import_service.ImportServiceTests.test_59_numeric_values_persist) ... ok
test_60_empty_optional_values_default (test_import_service.ImportServiceTests.test_60_empty_optional_values_default) ... ok
test_61_no_legacy_database_access (test_import_service.ImportServiceTests.test_61_no_legacy_database_access) ... ok
test_62_history_contains_counts (test_import_service.ImportServiceTests.test_62_history_contains_counts) ... ok
test_63_history_empty_is_readable (test_import_service.ImportServiceTests.test_63_history_empty_is_readable) ... ok
test_64_history_multiple_records (test_import_service.ImportServiceTests.test_64_history_multiple_records) ... ok
test_65_history_contents_include_filename_and_counts (test_import_service.ImportServiceTests.test_65_history_contents_include_filename_and_counts) ... ok
test_66_mapping_reports_mapped_and_unmapped_columns (test_import_service.ImportServiceTests.test_66_mapping_reports_mapped_and_unmapped_columns) ... ok
test_67_required_target_missing_is_reported (test_import_service.ImportServiceTests.test_67_required_target_missing_is_reported) ... ok
test_68_manual_mapping_after_auto_map (test_import_service.ImportServiceTests.test_68_manual_mapping_after_auto_map) ... ok
test_69_preview_mapping_remains_read_only (test_import_service.ImportServiceTests.test_69_preview_mapping_remains_read_only) ... ok

----------------------------------------------------------------------
Ran 69 tests in 1.240s

OK
